---
source: crates/act-runtime/src/audit/render.rs
expression: "render_credential_issue(&CredentialIssueRecord\n{\n    component_ref: \"notion@1.2.0\".into(), session_id: \"sess-4f2a1b\".into(),\n    key: \"acme:token\".into(), kind: \"std:oauth2\".into(),\n})"
---
audit: 🔑 credential  acme:token  kind=std:oauth2  notion@1.2.0  session=sess-4f2a1b
